// Vitest Snapshot v1, https://vitest.dev/guide/snapshot.html

exports[`App > should match a snapshot 1`] = `
<DocumentFragment>
  <div
    class="mocked-styled-93 el-snack-holder"
  />
  <div>
    I am a router
  </div>
</DocumentFragment>
`;
