// Jest Snapshot v1, https://goo.gl/fbAQLP

exports[`ContactQuickView should match a snapshot with data 1`] = `
{
  "asFragment": [Function],
  "baseElement": <body>
    <div>
      <div
        class="mocked-styled-108 el-snack-holder"
      />
      <div
        class="mocked-styled-188 el-key-value-list-wrap"
      >
        <div
          class="mocked-styled-187 el-key-value-icon-wrap"
        >
          <span
            class="el-intent-primary el-icon-new el-icon"
          >
            <svg
              fill="none"
              height="1em"
              viewBox="0 0 24 24"
              width="1em"
              xmlns="http://www.w3.org/2000/svg"
            >
              <path
                d="M12 15c-4.42 0-8 2.24-8 5h16c0-2.76-3.58-5-8-5Zm0-11a3.49 3.49 0 0 0-3.5 3.5c.002.754.069 1.507.2 2.25A3.48 3.48 0 0 0 12 13a3.48 3.48 0 0 0 3.3-3.25c.131-.743.198-1.496.2-2.25A3.49 3.49 0 0 0 12 4Z"
                fill="currentColor"
              />
            </svg>
          </span>
        </div>
        <div
          class="el-flex-column el-flex-container"
        >
          <div
            class="el-has-grey-text el-text-xs el-text-base"
          >
            Name
          </div>
          <div
            class="mocked-styled-79 el-text-base el-text-sm el-text-base"
          >
            Mr Foo Bar
          </div>
        </div>
      </div>
      <div
        class="mocked-styled-188 el-key-value-list-wrap"
      >
        <div
          class="mocked-styled-187 el-key-value-icon-wrap"
        >
          <span
            class="el-intent-primary el-icon-new el-icon"
          >
            <svg
              fill="none"
              height="1em"
              viewBox="0 0 24 24"
              width="1em"
              xmlns="http://www.w3.org/2000/svg"
            >
              <path
                d="M20 4H4a2 2 0 0 0-2 2v12a2 2 0 0 0 2 2h16a2 2 0 0 0 2-2V6a2 2 0 0 0-2-2Zm-1.41 2L12 12.59 5.41 6h13.18ZM4 18V7.41L10.59 14a2 2 0 0 0 2.82 0L20 7.41V18H4Z"
                fill="currentColor"
              />
            </svg>
          </span>
        </div>
        <div
          class="el-flex-column el-flex-container"
        >
          <div
            class="el-has-grey-text el-text-xs el-text-base"
          >
            Email
          </div>
          <div
            class="mocked-styled-79 el-text-base el-text-sm el-text-base"
          >
            foo@bar.com
          </div>
        </div>
      </div>
      <div
        class="mocked-styled-188 el-key-value-list-wrap"
      >
        <div
          class="mocked-styled-187 el-key-value-icon-wrap"
        >
          <span
            class="el-intent-primary el-icon-new el-icon"
          >
            <svg
              fill="none"
              height="1em"
              viewBox="0 0 24 24"
              width="1em"
              xmlns="http://www.w3.org/2000/svg"
            >
              <path
                d="M12 2C6.477 2 2 6.477 2 12s4.477 10 10 10 10-4.477 10-10A10 10 0 0 0 12 2Zm1.143 15.714h-2.286v-6h2.286v6Zm-1.143-8a1.714 1.714 0 1 1 0-3.428 1.714 1.714 0 0 1 0 3.428Z"
                fill="currentColor"
              />
            </svg>
          </span>
        </div>
        <div
          class="el-flex-column el-flex-container"
        >
          <div
            class="el-has-grey-text el-text-xs el-text-base"
          >
            Active Status
          </div>
          <div
            class="mocked-styled-79 el-text-base el-text-sm el-text-base"
          >
            <span
              class="el-intent-success el-status-indicator"
            />
             
            Active
             
          </div>
        </div>
      </div>
      <div
        class="mocked-styled-188 el-key-value-list-wrap"
      >
        <div
          class="mocked-styled-187 el-key-value-icon-wrap"
        >
          <span
            class="el-intent-primary el-icon-new el-icon"
          >
            <svg
              fill="none"
              height="1em"
              viewBox="0 0 24 24"
              width="1em"
              xmlns="http://www.w3.org/2000/svg"
            >
              <path
                d="M21 16.81a3.281 3.281 0 0 0-.3-.81l-6-1a3.49 3.49 0 0 0-.85 1.78 10.74 10.74 0 0 1-6.65-6.63A3.5 3.5 0 0 0 9 9.29l-1-6a3.19 3.19 0 0 0-.83-.24A2.924 2.924 0 0 0 6.6 3 3.6 3.6 0 0 0 3 6.6C3 14.553 9.447 21 17.4 21a3.6 3.6 0 0 0 3.6-3.6 3.798 3.798 0 0 0 0-.59Z"
                fill="currentColor"
              />
            </svg>
          </span>
        </div>
        <div
          class="el-flex-column el-flex-container"
        >
          <div
            class="el-has-grey-text el-text-xs el-text-base"
          >
            Mobile
          </div>
          <div
            class="mocked-styled-79 el-text-base el-text-sm el-text-base"
          >
            242423424
          </div>
        </div>
      </div>
      <div
        class="mocked-styled-188 el-key-value-list-wrap"
      >
        <div
          class="mocked-styled-187 el-key-value-icon-wrap"
        >
          <span
            class="el-intent-primary el-icon-new el-icon"
          >
            <svg
              fill="none"
              height="1em"
              viewBox="0 0 24 24"
              width="1em"
              xmlns="http://www.w3.org/2000/svg"
            >
              <path
                d="M21 16.81a3.281 3.281 0 0 0-.3-.81l-6-1a3.49 3.49 0 0 0-.85 1.78 10.74 10.74 0 0 1-6.65-6.63A3.5 3.5 0 0 0 9 9.29l-1-6a3.19 3.19 0 0 0-.83-.24A2.924 2.924 0 0 0 6.6 3 3.6 3.6 0 0 0 3 6.6C3 14.553 9.447 21 17.4 21a3.6 3.6 0 0 0 3.6-3.6 3.798 3.798 0 0 0 0-.59Z"
                fill="currentColor"
              />
            </svg>
          </span>
        </div>
        <div
          class="el-flex-column el-flex-container"
        >
          <div
            class="el-has-grey-text el-text-xs el-text-base"
          >
            Home
          </div>
          <div
            class="mocked-styled-79 el-text-base el-text-sm el-text-base"
          >
            234234234
          </div>
        </div>
      </div>
      <div
        class="mocked-styled-188 el-key-value-list-wrap"
      >
        <div
          class="mocked-styled-187 el-key-value-icon-wrap"
        >
          <span
            class="el-intent-primary el-icon-new el-icon"
          >
            <svg
              fill="none"
              height="1em"
              viewBox="0 0 24 24"
              width="1em"
              xmlns="http://www.w3.org/2000/svg"
            >
              <path
                d="M21 16.81a3.281 3.281 0 0 0-.3-.81l-6-1a3.49 3.49 0 0 0-.85 1.78 10.74 10.74 0 0 1-6.65-6.63A3.5 3.5 0 0 0 9 9.29l-1-6a3.19 3.19 0 0 0-.83-.24A2.924 2.924 0 0 0 6.6 3 3.6 3.6 0 0 0 3 6.6C3 14.553 9.447 21 17.4 21a3.6 3.6 0 0 0 3.6-3.6 3.798 3.798 0 0 0 0-.59Z"
                fill="currentColor"
              />
            </svg>
          </span>
        </div>
        <div
          class="el-flex-column el-flex-container"
        >
          <div
            class="el-has-grey-text el-text-xs el-text-base"
          >
            Work
          </div>
          <div
            class="mocked-styled-79 el-text-base el-text-sm el-text-base"
          >
            2342342344
          </div>
        </div>
      </div>
      <div
        class="mocked-styled-188 el-key-value-list-wrap"
      >
        <div
          class="mocked-styled-187 el-key-value-icon-wrap"
        >
          <span
            class="el-intent-primary el-icon-new el-icon"
          >
            <svg
              fill="none"
              height="1em"
              viewBox="0 0 24 24"
              width="1em"
              xmlns="http://www.w3.org/2000/svg"
            >
              <path
                d="m22.923 9.165-10.5-7a1 1 0 0 0-1.1 0l-10.45 7a1 1 0 0 0 1.1 1.66l.9-.63v11.3a1 1 0 0 0 1 1h16a1 1 0 0 0 1-1v-11.3l.95.63a.94.94 0 0 0 .55.17 1 1 0 0 0 .55-1.83Zm-4.05 11.33h-14V8.865l7-4.67 7 4.67v11.63Z"
                fill="currentColor"
              />
            </svg>
          </span>
        </div>
        <div
          class="el-flex-column el-flex-container"
        >
          <div
            class="el-has-grey-text el-text-xs el-text-base"
          >
            Primary Address
          </div>
          <div
            class="mocked-styled-79 el-text-base el-text-sm el-text-base"
          >
            Bar Foo Foo Bar Foo Bar Foo
          </div>
        </div>
      </div>
    </div>
  </body>,
  "container": <div>
    <div
      class="mocked-styled-108 el-snack-holder"
    />
    <div
      class="mocked-styled-188 el-key-value-list-wrap"
    >
      <div
        class="mocked-styled-187 el-key-value-icon-wrap"
      >
        <span
          class="el-intent-primary el-icon-new el-icon"
        >
          <svg
            fill="none"
            height="1em"
            viewBox="0 0 24 24"
            width="1em"
            xmlns="http://www.w3.org/2000/svg"
          >
            <path
              d="M12 15c-4.42 0-8 2.24-8 5h16c0-2.76-3.58-5-8-5Zm0-11a3.49 3.49 0 0 0-3.5 3.5c.002.754.069 1.507.2 2.25A3.48 3.48 0 0 0 12 13a3.48 3.48 0 0 0 3.3-3.25c.131-.743.198-1.496.2-2.25A3.49 3.49 0 0 0 12 4Z"
              fill="currentColor"
            />
          </svg>
        </span>
      </div>
      <div
        class="el-flex-column el-flex-container"
      >
        <div
          class="el-has-grey-text el-text-xs el-text-base"
        >
          Name
        </div>
        <div
          class="mocked-styled-79 el-text-base el-text-sm el-text-base"
        >
          Mr Foo Bar
        </div>
      </div>
    </div>
    <div
      class="mocked-styled-188 el-key-value-list-wrap"
    >
      <div
        class="mocked-styled-187 el-key-value-icon-wrap"
      >
        <span
          class="el-intent-primary el-icon-new el-icon"
        >
          <svg
            fill="none"
            height="1em"
            viewBox="0 0 24 24"
            width="1em"
            xmlns="http://www.w3.org/2000/svg"
          >
            <path
              d="M20 4H4a2 2 0 0 0-2 2v12a2 2 0 0 0 2 2h16a2 2 0 0 0 2-2V6a2 2 0 0 0-2-2Zm-1.41 2L12 12.59 5.41 6h13.18ZM4 18V7.41L10.59 14a2 2 0 0 0 2.82 0L20 7.41V18H4Z"
              fill="currentColor"
            />
          </svg>
        </span>
      </div>
      <div
        class="el-flex-column el-flex-container"
      >
        <div
          class="el-has-grey-text el-text-xs el-text-base"
        >
          Email
        </div>
        <div
          class="mocked-styled-79 el-text-base el-text-sm el-text-base"
        >
          foo@bar.com
        </div>
      </div>
    </div>
    <div
      class="mocked-styled-188 el-key-value-list-wrap"
    >
      <div
        class="mocked-styled-187 el-key-value-icon-wrap"
      >
        <span
          class="el-intent-primary el-icon-new el-icon"
        >
          <svg
            fill="none"
            height="1em"
            viewBox="0 0 24 24"
            width="1em"
            xmlns="http://www.w3.org/2000/svg"
          >
            <path
              d="M12 2C6.477 2 2 6.477 2 12s4.477 10 10 10 10-4.477 10-10A10 10 0 0 0 12 2Zm1.143 15.714h-2.286v-6h2.286v6Zm-1.143-8a1.714 1.714 0 1 1 0-3.428 1.714 1.714 0 0 1 0 3.428Z"
              fill="currentColor"
            />
          </svg>
        </span>
      </div>
      <div
        class="el-flex-column el-flex-container"
      >
        <div
          class="el-has-grey-text el-text-xs el-text-base"
        >
          Active Status
        </div>
        <div
          class="mocked-styled-79 el-text-base el-text-sm el-text-base"
        >
          <span
            class="el-intent-success el-status-indicator"
          />
           
          Active
           
        </div>
      </div>
    </div>
    <div
      class="mocked-styled-188 el-key-value-list-wrap"
    >
      <div
        class="mocked-styled-187 el-key-value-icon-wrap"
      >
        <span
          class="el-intent-primary el-icon-new el-icon"
        >
          <svg
            fill="none"
            height="1em"
            viewBox="0 0 24 24"
            width="1em"
            xmlns="http://www.w3.org/2000/svg"
          >
            <path
              d="M21 16.81a3.281 3.281 0 0 0-.3-.81l-6-1a3.49 3.49 0 0 0-.85 1.78 10.74 10.74 0 0 1-6.65-6.63A3.5 3.5 0 0 0 9 9.29l-1-6a3.19 3.19 0 0 0-.83-.24A2.924 2.924 0 0 0 6.6 3 3.6 3.6 0 0 0 3 6.6C3 14.553 9.447 21 17.4 21a3.6 3.6 0 0 0 3.6-3.6 3.798 3.798 0 0 0 0-.59Z"
              fill="currentColor"
            />
          </svg>
        </span>
      </div>
      <div
        class="el-flex-column el-flex-container"
      >
        <div
          class="el-has-grey-text el-text-xs el-text-base"
        >
          Mobile
        </div>
        <div
          class="mocked-styled-79 el-text-base el-text-sm el-text-base"
        >
          242423424
        </div>
      </div>
    </div>
    <div
      class="mocked-styled-188 el-key-value-list-wrap"
    >
      <div
        class="mocked-styled-187 el-key-value-icon-wrap"
      >
        <span
          class="el-intent-primary el-icon-new el-icon"
        >
          <svg
            fill="none"
            height="1em"
            viewBox="0 0 24 24"
            width="1em"
            xmlns="http://www.w3.org/2000/svg"
          >
            <path
              d="M21 16.81a3.281 3.281 0 0 0-.3-.81l-6-1a3.49 3.49 0 0 0-.85 1.78 10.74 10.74 0 0 1-6.65-6.63A3.5 3.5 0 0 0 9 9.29l-1-6a3.19 3.19 0 0 0-.83-.24A2.924 2.924 0 0 0 6.6 3 3.6 3.6 0 0 0 3 6.6C3 14.553 9.447 21 17.4 21a3.6 3.6 0 0 0 3.6-3.6 3.798 3.798 0 0 0 0-.59Z"
              fill="currentColor"
            />
          </svg>
        </span>
      </div>
      <div
        class="el-flex-column el-flex-container"
      >
        <div
          class="el-has-grey-text el-text-xs el-text-base"
        >
          Home
        </div>
        <div
          class="mocked-styled-79 el-text-base el-text-sm el-text-base"
        >
          234234234
        </div>
      </div>
    </div>
    <div
      class="mocked-styled-188 el-key-value-list-wrap"
    >
      <div
        class="mocked-styled-187 el-key-value-icon-wrap"
      >
        <span
          class="el-intent-primary el-icon-new el-icon"
        >
          <svg
            fill="none"
            height="1em"
            viewBox="0 0 24 24"
            width="1em"
            xmlns="http://www.w3.org/2000/svg"
          >
            <path
              d="M21 16.81a3.281 3.281 0 0 0-.3-.81l-6-1a3.49 3.49 0 0 0-.85 1.78 10.74 10.74 0 0 1-6.65-6.63A3.5 3.5 0 0 0 9 9.29l-1-6a3.19 3.19 0 0 0-.83-.24A2.924 2.924 0 0 0 6.6 3 3.6 3.6 0 0 0 3 6.6C3 14.553 9.447 21 17.4 21a3.6 3.6 0 0 0 3.6-3.6 3.798 3.798 0 0 0 0-.59Z"
              fill="currentColor"
            />
          </svg>
        </span>
      </div>
      <div
        class="el-flex-column el-flex-container"
      >
        <div
          class="el-has-grey-text el-text-xs el-text-base"
        >
          Work
        </div>
        <div
          class="mocked-styled-79 el-text-base el-text-sm el-text-base"
        >
          2342342344
        </div>
      </div>
    </div>
    <div
      class="mocked-styled-188 el-key-value-list-wrap"
    >
      <div
        class="mocked-styled-187 el-key-value-icon-wrap"
      >
        <span
          class="el-intent-primary el-icon-new el-icon"
        >
          <svg
            fill="none"
            height="1em"
            viewBox="0 0 24 24"
            width="1em"
            xmlns="http://www.w3.org/2000/svg"
          >
            <path
              d="m22.923 9.165-10.5-7a1 1 0 0 0-1.1 0l-10.45 7a1 1 0 0 0 1.1 1.66l.9-.63v11.3a1 1 0 0 0 1 1h16a1 1 0 0 0 1-1v-11.3l.95.63a.94.94 0 0 0 .55.17 1 1 0 0 0 .55-1.83Zm-4.05 11.33h-14V8.865l7-4.67 7 4.67v11.63Z"
              fill="currentColor"
            />
          </svg>
        </span>
      </div>
      <div
        class="el-flex-column el-flex-container"
      >
        <div
          class="el-has-grey-text el-text-xs el-text-base"
        >
          Primary Address
        </div>
        <div
          class="mocked-styled-79 el-text-base el-text-sm el-text-base"
        >
          Bar Foo Foo Bar Foo Bar Foo
        </div>
      </div>
    </div>
  </div>,
  "debug": [Function],
  "findAllByAltText": [Function],
  "findAllByDisplayValue": [Function],
  "findAllByLabelText": [Function],
  "findAllByPlaceholderText": [Function],
  "findAllByRole": [Function],
  "findAllByTestId": [Function],
  "findAllByText": [Function],
  "findAllByTitle": [Function],
  "findByAltText": [Function],
  "findByDisplayValue": [Function],
  "findByLabelText": [Function],
  "findByPlaceholderText": [Function],
  "findByRole": [Function],
  "findByTestId": [Function],
  "findByText": [Function],
  "findByTitle": [Function],
  "getAllByAltText": [Function],
  "getAllByDisplayValue": [Function],
  "getAllByLabelText": [Function],
  "getAllByPlaceholderText": [Function],
  "getAllByRole": [Function],
  "getAllByTestId": [Function],
  "getAllByText": [Function],
  "getAllByTitle": [Function],
  "getByAltText": [Function],
  "getByDisplayValue": [Function],
  "getByLabelText": [Function],
  "getByPlaceholderText": [Function],
  "getByRole": [Function],
  "getByTestId": [Function],
  "getByText": [Function],
  "getByTitle": [Function],
  "queryAllByAltText": [Function],
  "queryAllByDisplayValue": [Function],
  "queryAllByLabelText": [Function],
  "queryAllByPlaceholderText": [Function],
  "queryAllByRole": [Function],
  "queryAllByTestId": [Function],
  "queryAllByText": [Function],
  "queryAllByTitle": [Function],
  "queryByAltText": [Function],
  "queryByDisplayValue": [Function],
  "queryByLabelText": [Function],
  "queryByPlaceholderText": [Function],
  "queryByRole": [Function],
  "queryByTestId": [Function],
  "queryByText": [Function],
  "queryByTitle": [Function],
  "rerender": [Function],
  "unmount": [Function],
}
`;
