// Vitest Snapshot v1, https://vitest.dev/guide/snapshot.html

exports[`NewPage > should match a snapshot 1`] = `
<DocumentFragment>
  <div
    class="mocked-styled-93 el-snack-holder"
  />
  <div
    class="el-flex-container el-flex-auto"
  >
    <section
      class="el-page-container el-has-grey-background"
    />
  </div>
</DocumentFragment>
`;
