// Jest Snapshot v1, https://goo.gl/fbAQLP

exports[`ContactsComsDetails should match a snapshot 1`] = `
{
  "asFragment": [Function],
  "baseElement": <body>
    <div>
      <div
        class="el-snack-holder"
      />
      <div
        class="el-mb11"
      >
        <p
          class="el-has-grey-text el-has-no-margin el-body-text"
        >
          Provide here the communication details and marketing preferences of your contact.
        </p>
      </div>
      <div
        class="el-fade-in el-form-layout"
      >
        <div
          class="el-input-wrap"
        >
          <div
            class="el-input-group"
          >
            <input
              class="el-input"
              id="test-static-id"
              placeholder="Please enter a telephone number"
            />
            <span
              class="el-intent-danger el-icon"
            >
              <svg
                fill="none"
                height="1em"
                viewBox="0 0 18 20"
                width="1em"
                xmlns="http://www.w3.org/2000/svg"
              >
                <path
                  d="m17.42 14.1-7.1-4.1 7.098-4.097a.66.66 0 1 0-.66-1.144L9.66 8.858V.66a.66.66 0 0 0-1.32 0v8.197L1.241 4.759a.66.66 0 1 0-.66 1.144L7.68 10l-7.1 4.098a.66.66 0 0 0 .661 1.144l7.098-4.098v8.195a.66.66 0 0 0 1.32 0v-8.196l7.1 4.099a.657.657 0 0 0 .902-.242.66.66 0 0 0-.242-.902Z"
                  fill="currentColor"
                />
              </svg>
            </span>
            <label
              class="el-label"
              for="test-static-id"
            >
              Home Phone
            </label>
          </div>
          <p
            class="el-input-error"
          >
            Error
          </p>
        </div>
        <div
          class="el-input-wrap"
        >
          <div
            class="el-input-group"
          >
            <input
              class="el-input"
              id="test-static-id"
              placeholder="Please enter a telephone number"
            />
            <span
              class="el-intent-danger el-icon"
            >
              <svg
                fill="none"
                height="1em"
                viewBox="0 0 18 20"
                width="1em"
                xmlns="http://www.w3.org/2000/svg"
              >
                <path
                  d="m17.42 14.1-7.1-4.1 7.098-4.097a.66.66 0 1 0-.66-1.144L9.66 8.858V.66a.66.66 0 0 0-1.32 0v8.197L1.241 4.759a.66.66 0 1 0-.66 1.144L7.68 10l-7.1 4.098a.66.66 0 0 0 .661 1.144l7.098-4.098v8.195a.66.66 0 0 0 1.32 0v-8.196l7.1 4.099a.657.657 0 0 0 .902-.242.66.66 0 0 0-.242-.902Z"
                  fill="currentColor"
                />
              </svg>
            </span>
            <label
              class="el-label"
              for="test-static-id"
            >
              Work Phone
            </label>
          </div>
          <p
            class="el-input-error"
          >
            Error
          </p>
        </div>
        <div
          class="el-input-wrap"
        >
          <div
            class="el-input-group"
          >
            <input
              class="el-input"
              id="test-static-id"
              placeholder="Please enter a telephone number"
            />
            <span
              class="el-intent-danger el-icon"
            >
              <svg
                fill="none"
                height="1em"
                viewBox="0 0 18 20"
                width="1em"
                xmlns="http://www.w3.org/2000/svg"
              >
                <path
                  d="m17.42 14.1-7.1-4.1 7.098-4.097a.66.66 0 1 0-.66-1.144L9.66 8.858V.66a.66.66 0 0 0-1.32 0v8.197L1.241 4.759a.66.66 0 1 0-.66 1.144L7.68 10l-7.1 4.098a.66.66 0 0 0 .661 1.144l7.098-4.098v8.195a.66.66 0 0 0 1.32 0v-8.196l7.1 4.099a.657.657 0 0 0 .902-.242.66.66 0 0 0-.242-.902Z"
                  fill="currentColor"
                />
              </svg>
            </span>
            <label
              class="el-label"
              for="test-static-id"
            >
              Mobile Phone
            </label>
          </div>
          <p
            class="el-input-error"
          >
            Error
          </p>
        </div>
        <div
          class="el-input-wrap"
        >
          <div
            class="el-input-group"
          >
            <input
              class="el-input"
              id="test-static-id"
              placeholder="Please enter an email address"
              type="email"
            />
            <span
              class="el-intent-danger el-icon"
            >
              <svg
                fill="none"
                height="1em"
                viewBox="0 0 18 20"
                width="1em"
                xmlns="http://www.w3.org/2000/svg"
              >
                <path
                  d="m17.42 14.1-7.1-4.1 7.098-4.097a.66.66 0 1 0-.66-1.144L9.66 8.858V.66a.66.66 0 0 0-1.32 0v8.197L1.241 4.759a.66.66 0 1 0-.66 1.144L7.68 10l-7.1 4.098a.66.66 0 0 0 .661 1.144l7.098-4.098v8.195a.66.66 0 0 0 1.32 0v-8.196l7.1 4.099a.657.657 0 0 0 .902-.242.66.66 0 0 0-.242-.902Z"
                  fill="currentColor"
                />
              </svg>
            </span>
            <label
              class="el-label"
              for="test-static-id"
            >
              Email
            </label>
          </div>
          <p
            class="el-input-error"
          >
            Error
          </p>
        </div>
        <div
          class="el-input-wrap"
        >
          <div
            class="el-input-group"
          >
            <select
              class="el-select"
            >
              <option
                value=""
              >
                None selected
              </option>
              <option
                value="grant"
              >
                Granted
              </option>
              <option
                value="deny"
              >
                Denied
              </option>
              <option
                value="notAsked"
              >
                Not Asked
              </option>
            </select>
            <label
              class="el-label"
            >
              Marketing Consent
            </label>
          </div>
          <p
            class="el-input-error"
          >
            Error
          </p>
        </div>
        <div
          class="el-input-wrap"
        >
          <div
            class="el-input-group"
          >
            <input
              class="el-toggle-checkbox"
              id="com-pref-letter"
              type="checkbox"
            />
            <label
              class="el-toggle-label"
              for="com-pref-letter"
            >
              <span
                class="el-toggle-item"
              >
                On
              </span>
              <span
                class="el-toggle-item"
              >
                Off
              </span>
            </label>
            <label
              class="el-label"
            >
              Communicate Preference Letter
            </label>
          </div>
        </div>
        <div
          class="el-input-wrap"
        >
          <div
            class="el-input-group"
          >
            <input
              class="el-toggle-checkbox"
              id="com-pref-email"
              type="checkbox"
            />
            <label
              class="el-toggle-label"
              for="com-pref-email"
            >
              <span
                class="el-toggle-item"
              >
                On
              </span>
              <span
                class="el-toggle-item"
              >
                Off
              </span>
            </label>
            <label
              class="el-label"
            >
              Communicate Preference Email
            </label>
          </div>
        </div>
        <div
          class="el-input-wrap"
        >
          <div
            class="el-input-group"
          >
            <input
              class="el-toggle-checkbox"
              id="com-pref-phone"
              type="checkbox"
            />
            <label
              class="el-toggle-label"
              for="com-pref-phone"
            >
              <span
                class="el-toggle-item"
              >
                On
              </span>
              <span
                class="el-toggle-item"
              >
                Off
              </span>
            </label>
            <label
              class="el-label"
            >
              Communicate Preference Phone
            </label>
          </div>
        </div>
        <div
          class="el-input-wrap"
        >
          <div
            class="el-input-group"
          >
            <input
              class="el-toggle-checkbox"
              id="com-pref-sms"
              type="checkbox"
            />
            <label
              class="el-toggle-label"
              for="com-pref-sms"
            >
              <span
                class="el-toggle-item"
              >
                On
              </span>
              <span
                class="el-toggle-item"
              >
                Off
              </span>
            </label>
            <label
              class="el-label"
            >
              Communicate Preference SMS
            </label>
          </div>
        </div>
      </div>
    </div>
  </body>,
  "container": <div>
    <div
      class="el-snack-holder"
    />
    <div
      class="el-mb11"
    >
      <p
        class="el-has-grey-text el-has-no-margin el-body-text"
      >
        Provide here the communication details and marketing preferences of your contact.
      </p>
    </div>
    <div
      class="el-fade-in el-form-layout"
    >
      <div
        class="el-input-wrap"
      >
        <div
          class="el-input-group"
        >
          <input
            class="el-input"
            id="test-static-id"
            placeholder="Please enter a telephone number"
          />
          <span
            class="el-intent-danger el-icon"
          >
            <svg
              fill="none"
              height="1em"
              viewBox="0 0 18 20"
              width="1em"
              xmlns="http://www.w3.org/2000/svg"
            >
              <path
                d="m17.42 14.1-7.1-4.1 7.098-4.097a.66.66 0 1 0-.66-1.144L9.66 8.858V.66a.66.66 0 0 0-1.32 0v8.197L1.241 4.759a.66.66 0 1 0-.66 1.144L7.68 10l-7.1 4.098a.66.66 0 0 0 .661 1.144l7.098-4.098v8.195a.66.66 0 0 0 1.32 0v-8.196l7.1 4.099a.657.657 0 0 0 .902-.242.66.66 0 0 0-.242-.902Z"
                fill="currentColor"
              />
            </svg>
          </span>
          <label
            class="el-label"
            for="test-static-id"
          >
            Home Phone
          </label>
        </div>
        <p
          class="el-input-error"
        >
          Error
        </p>
      </div>
      <div
        class="el-input-wrap"
      >
        <div
          class="el-input-group"
        >
          <input
            class="el-input"
            id="test-static-id"
            placeholder="Please enter a telephone number"
          />
          <span
            class="el-intent-danger el-icon"
          >
            <svg
              fill="none"
              height="1em"
              viewBox="0 0 18 20"
              width="1em"
              xmlns="http://www.w3.org/2000/svg"
            >
              <path
                d="m17.42 14.1-7.1-4.1 7.098-4.097a.66.66 0 1 0-.66-1.144L9.66 8.858V.66a.66.66 0 0 0-1.32 0v8.197L1.241 4.759a.66.66 0 1 0-.66 1.144L7.68 10l-7.1 4.098a.66.66 0 0 0 .661 1.144l7.098-4.098v8.195a.66.66 0 0 0 1.32 0v-8.196l7.1 4.099a.657.657 0 0 0 .902-.242.66.66 0 0 0-.242-.902Z"
                fill="currentColor"
              />
            </svg>
          </span>
          <label
            class="el-label"
            for="test-static-id"
          >
            Work Phone
          </label>
        </div>
        <p
          class="el-input-error"
        >
          Error
        </p>
      </div>
      <div
        class="el-input-wrap"
      >
        <div
          class="el-input-group"
        >
          <input
            class="el-input"
            id="test-static-id"
            placeholder="Please enter a telephone number"
          />
          <span
            class="el-intent-danger el-icon"
          >
            <svg
              fill="none"
              height="1em"
              viewBox="0 0 18 20"
              width="1em"
              xmlns="http://www.w3.org/2000/svg"
            >
              <path
                d="m17.42 14.1-7.1-4.1 7.098-4.097a.66.66 0 1 0-.66-1.144L9.66 8.858V.66a.66.66 0 0 0-1.32 0v8.197L1.241 4.759a.66.66 0 1 0-.66 1.144L7.68 10l-7.1 4.098a.66.66 0 0 0 .661 1.144l7.098-4.098v8.195a.66.66 0 0 0 1.32 0v-8.196l7.1 4.099a.657.657 0 0 0 .902-.242.66.66 0 0 0-.242-.902Z"
                fill="currentColor"
              />
            </svg>
          </span>
          <label
            class="el-label"
            for="test-static-id"
          >
            Mobile Phone
          </label>
        </div>
        <p
          class="el-input-error"
        >
          Error
        </p>
      </div>
      <div
        class="el-input-wrap"
      >
        <div
          class="el-input-group"
        >
          <input
            class="el-input"
            id="test-static-id"
            placeholder="Please enter an email address"
            type="email"
          />
          <span
            class="el-intent-danger el-icon"
          >
            <svg
              fill="none"
              height="1em"
              viewBox="0 0 18 20"
              width="1em"
              xmlns="http://www.w3.org/2000/svg"
            >
              <path
                d="m17.42 14.1-7.1-4.1 7.098-4.097a.66.66 0 1 0-.66-1.144L9.66 8.858V.66a.66.66 0 0 0-1.32 0v8.197L1.241 4.759a.66.66 0 1 0-.66 1.144L7.68 10l-7.1 4.098a.66.66 0 0 0 .661 1.144l7.098-4.098v8.195a.66.66 0 0 0 1.32 0v-8.196l7.1 4.099a.657.657 0 0 0 .902-.242.66.66 0 0 0-.242-.902Z"
                fill="currentColor"
              />
            </svg>
          </span>
          <label
            class="el-label"
            for="test-static-id"
          >
            Email
          </label>
        </div>
        <p
          class="el-input-error"
        >
          Error
        </p>
      </div>
      <div
        class="el-input-wrap"
      >
        <div
          class="el-input-group"
        >
          <select
            class="el-select"
          >
            <option
              value=""
            >
              None selected
            </option>
            <option
              value="grant"
            >
              Granted
            </option>
            <option
              value="deny"
            >
              Denied
            </option>
            <option
              value="notAsked"
            >
              Not Asked
            </option>
          </select>
          <label
            class="el-label"
          >
            Marketing Consent
          </label>
        </div>
        <p
          class="el-input-error"
        >
          Error
        </p>
      </div>
      <div
        class="el-input-wrap"
      >
        <div
          class="el-input-group"
        >
          <input
            class="el-toggle-checkbox"
            id="com-pref-letter"
            type="checkbox"
          />
          <label
            class="el-toggle-label"
            for="com-pref-letter"
          >
            <span
              class="el-toggle-item"
            >
              On
            </span>
            <span
              class="el-toggle-item"
            >
              Off
            </span>
          </label>
          <label
            class="el-label"
          >
            Communicate Preference Letter
          </label>
        </div>
      </div>
      <div
        class="el-input-wrap"
      >
        <div
          class="el-input-group"
        >
          <input
            class="el-toggle-checkbox"
            id="com-pref-email"
            type="checkbox"
          />
          <label
            class="el-toggle-label"
            for="com-pref-email"
          >
            <span
              class="el-toggle-item"
            >
              On
            </span>
            <span
              class="el-toggle-item"
            >
              Off
            </span>
          </label>
          <label
            class="el-label"
          >
            Communicate Preference Email
          </label>
        </div>
      </div>
      <div
        class="el-input-wrap"
      >
        <div
          class="el-input-group"
        >
          <input
            class="el-toggle-checkbox"
            id="com-pref-phone"
            type="checkbox"
          />
          <label
            class="el-toggle-label"
            for="com-pref-phone"
          >
            <span
              class="el-toggle-item"
            >
              On
            </span>
            <span
              class="el-toggle-item"
            >
              Off
            </span>
          </label>
          <label
            class="el-label"
          >
            Communicate Preference Phone
          </label>
        </div>
      </div>
      <div
        class="el-input-wrap"
      >
        <div
          class="el-input-group"
        >
          <input
            class="el-toggle-checkbox"
            id="com-pref-sms"
            type="checkbox"
          />
          <label
            class="el-toggle-label"
            for="com-pref-sms"
          >
            <span
              class="el-toggle-item"
            >
              On
            </span>
            <span
              class="el-toggle-item"
            >
              Off
            </span>
          </label>
          <label
            class="el-label"
          >
            Communicate Preference SMS
          </label>
        </div>
      </div>
    </div>
  </div>,
  "debug": [Function],
  "findAllByAltText": [Function],
  "findAllByDisplayValue": [Function],
  "findAllByLabelText": [Function],
  "findAllByPlaceholderText": [Function],
  "findAllByRole": [Function],
  "findAllByTestId": [Function],
  "findAllByText": [Function],
  "findAllByTitle": [Function],
  "findByAltText": [Function],
  "findByDisplayValue": [Function],
  "findByLabelText": [Function],
  "findByPlaceholderText": [Function],
  "findByRole": [Function],
  "findByTestId": [Function],
  "findByText": [Function],
  "findByTitle": [Function],
  "getAllByAltText": [Function],
  "getAllByDisplayValue": [Function],
  "getAllByLabelText": [Function],
  "getAllByPlaceholderText": [Function],
  "getAllByRole": [Function],
  "getAllByTestId": [Function],
  "getAllByText": [Function],
  "getAllByTitle": [Function],
  "getByAltText": [Function],
  "getByDisplayValue": [Function],
  "getByLabelText": [Function],
  "getByPlaceholderText": [Function],
  "getByRole": [Function],
  "getByTestId": [Function],
  "getByText": [Function],
  "getByTitle": [Function],
  "queryAllByAltText": [Function],
  "queryAllByDisplayValue": [Function],
  "queryAllByLabelText": [Function],
  "queryAllByPlaceholderText": [Function],
  "queryAllByRole": [Function],
  "queryAllByTestId": [Function],
  "queryAllByText": [Function],
  "queryAllByTitle": [Function],
  "queryByAltText": [Function],
  "queryByDisplayValue": [Function],
  "queryByLabelText": [Function],
  "queryByPlaceholderText": [Function],
  "queryByRole": [Function],
  "queryByTestId": [Function],
  "queryByText": [Function],
  "queryByTitle": [Function],
  "rerender": [Function],
  "unmount": [Function],
}
`;
