// Jest Snapshot v1, https://goo.gl/fbAQLP

exports[`ContactsComsDetails should match a snapshot 1`] = `
{
  "asFragment": [Function],
  "baseElement": <body>
    <div>
      <div
        class="mocked-styled-97 el-snack-holder"
      />
      <p
        class="el-text-base el-has-bold-text el-has-section-margin el-body-text"
      >
        Provide here the communication details and marketing preferences of your contact.
      </p>
      <div
        class="el-fade-in el-form-layout"
      >
        <div
          class="mocked-styled-137 el-input-wrap"
        >
          <div
            class="mocked-styled-40 el-input-group"
          >
            <input
              class="el-has-input-error el-input"
              id="test-static-id"
              placeholder="Please enter a telephone number"
            />
            <label
              class="mocked-styled-41 el-label"
              for="test-static-id"
            >
              Home Phone
            </label>
          </div>
          <p
            class="mocked-styled-42 el-input-error"
          >
            Error
          </p>
        </div>
        <div
          class="mocked-styled-137 el-input-wrap"
        >
          <div
            class="mocked-styled-40 el-input-group"
          >
            <input
              class="el-has-input-error el-input"
              id="test-static-id"
              placeholder="Please enter a telephone number"
            />
            <label
              class="mocked-styled-41 el-label"
              for="test-static-id"
            >
              Work Phone
            </label>
          </div>
          <p
            class="mocked-styled-42 el-input-error"
          >
            Error
          </p>
        </div>
        <div
          class="mocked-styled-137 el-input-wrap"
        >
          <div
            class="mocked-styled-40 el-input-group"
          >
            <input
              class="el-has-input-error el-input"
              id="test-static-id"
              placeholder="Please enter a telephone number"
            />
            <label
              class="mocked-styled-41 el-label"
              for="test-static-id"
            >
              Mobile Phone
            </label>
          </div>
          <p
            class="mocked-styled-42 el-input-error"
          >
            Error
          </p>
        </div>
        <div
          class="mocked-styled-137 el-input-wrap"
        >
          <div
            class="mocked-styled-40 el-input-group"
          >
            <input
              class="el-has-input-error el-input"
              id="test-static-id"
              placeholder="Please enter an email address"
              type="email"
            />
            <label
              class="mocked-styled-41 el-label"
              for="test-static-id"
            >
              Email
            </label>
          </div>
          <p
            class="mocked-styled-42 el-input-error"
          >
            Error
          </p>
        </div>
        <div
          class="mocked-styled-137 el-input-wrap"
        >
          <div
            class="mocked-styled-40 el-input-group"
          >
            <select
              class="mocked-styled-87 el-select"
            >
              <option
                value=""
              >
                None selected
              </option>
              <option
                value="grant"
              >
                Granted
              </option>
              <option
                value="deny"
              >
                Denied
              </option>
              <option
                value="notAsked"
              >
                Not Asked
              </option>
            </select>
            <label
              class="mocked-styled-41 el-label"
            >
              Marketing Consent
            </label>
          </div>
          <p
            class="mocked-styled-42 el-input-error"
          >
            Error
          </p>
        </div>
        <div
          class="mocked-styled-137 el-input-wrap"
        >
          <div
            class="mocked-styled-40 el-input-group"
          >
            <input
              class="mocked-styled-129 el-toggle-checkbox"
              id="com-pref-letter"
              type="checkbox"
            />
            <label
              class="mocked-styled-130 el-toggle-label"
              for="com-pref-letter"
            >
              <span
                class="mocked-styled-127 el-toggle-item"
              >
                On
              </span>
              <span
                class="mocked-styled-127 el-toggle-item"
              >
                Off
              </span>
            </label>
            <label
              class="mocked-styled-41 el-label"
            >
              Communicate Preference Letter
            </label>
          </div>
        </div>
        <div
          class="mocked-styled-137 el-input-wrap"
        >
          <div
            class="mocked-styled-40 el-input-group"
          >
            <input
              class="mocked-styled-129 el-toggle-checkbox"
              id="com-pref-email"
              type="checkbox"
            />
            <label
              class="mocked-styled-130 el-toggle-label"
              for="com-pref-email"
            >
              <span
                class="mocked-styled-127 el-toggle-item"
              >
                On
              </span>
              <span
                class="mocked-styled-127 el-toggle-item"
              >
                Off
              </span>
            </label>
            <label
              class="mocked-styled-41 el-label"
            >
              Communicate Preference Email
            </label>
          </div>
        </div>
        <div
          class="mocked-styled-137 el-input-wrap"
        >
          <div
            class="mocked-styled-40 el-input-group"
          >
            <input
              class="mocked-styled-129 el-toggle-checkbox"
              id="com-pref-phone"
              type="checkbox"
            />
            <label
              class="mocked-styled-130 el-toggle-label"
              for="com-pref-phone"
            >
              <span
                class="mocked-styled-127 el-toggle-item"
              >
                On
              </span>
              <span
                class="mocked-styled-127 el-toggle-item"
              >
                Off
              </span>
            </label>
            <label
              class="mocked-styled-41 el-label"
            >
              Communicate Preference Phone
            </label>
          </div>
        </div>
        <div
          class="mocked-styled-137 el-input-wrap"
        >
          <div
            class="mocked-styled-40 el-input-group"
          >
            <input
              class="mocked-styled-129 el-toggle-checkbox"
              id="com-pref-sms"
              type="checkbox"
            />
            <label
              class="mocked-styled-130 el-toggle-label"
              for="com-pref-sms"
            >
              <span
                class="mocked-styled-127 el-toggle-item"
              >
                On
              </span>
              <span
                class="mocked-styled-127 el-toggle-item"
              >
                Off
              </span>
            </label>
            <label
              class="mocked-styled-41 el-label"
            >
              Communicate Preference SMS
            </label>
          </div>
        </div>
      </div>
    </div>
  </body>,
  "container": <div>
    <div
      class="mocked-styled-97 el-snack-holder"
    />
    <p
      class="el-text-base el-has-bold-text el-has-section-margin el-body-text"
    >
      Provide here the communication details and marketing preferences of your contact.
    </p>
    <div
      class="el-fade-in el-form-layout"
    >
      <div
        class="mocked-styled-137 el-input-wrap"
      >
        <div
          class="mocked-styled-40 el-input-group"
        >
          <input
            class="el-has-input-error el-input"
            id="test-static-id"
            placeholder="Please enter a telephone number"
          />
          <label
            class="mocked-styled-41 el-label"
            for="test-static-id"
          >
            Home Phone
          </label>
        </div>
        <p
          class="mocked-styled-42 el-input-error"
        >
          Error
        </p>
      </div>
      <div
        class="mocked-styled-137 el-input-wrap"
      >
        <div
          class="mocked-styled-40 el-input-group"
        >
          <input
            class="el-has-input-error el-input"
            id="test-static-id"
            placeholder="Please enter a telephone number"
          />
          <label
            class="mocked-styled-41 el-label"
            for="test-static-id"
          >
            Work Phone
          </label>
        </div>
        <p
          class="mocked-styled-42 el-input-error"
        >
          Error
        </p>
      </div>
      <div
        class="mocked-styled-137 el-input-wrap"
      >
        <div
          class="mocked-styled-40 el-input-group"
        >
          <input
            class="el-has-input-error el-input"
            id="test-static-id"
            placeholder="Please enter a telephone number"
          />
          <label
            class="mocked-styled-41 el-label"
            for="test-static-id"
          >
            Mobile Phone
          </label>
        </div>
        <p
          class="mocked-styled-42 el-input-error"
        >
          Error
        </p>
      </div>
      <div
        class="mocked-styled-137 el-input-wrap"
      >
        <div
          class="mocked-styled-40 el-input-group"
        >
          <input
            class="el-has-input-error el-input"
            id="test-static-id"
            placeholder="Please enter an email address"
            type="email"
          />
          <label
            class="mocked-styled-41 el-label"
            for="test-static-id"
          >
            Email
          </label>
        </div>
        <p
          class="mocked-styled-42 el-input-error"
        >
          Error
        </p>
      </div>
      <div
        class="mocked-styled-137 el-input-wrap"
      >
        <div
          class="mocked-styled-40 el-input-group"
        >
          <select
            class="mocked-styled-87 el-select"
          >
            <option
              value=""
            >
              None selected
            </option>
            <option
              value="grant"
            >
              Granted
            </option>
            <option
              value="deny"
            >
              Denied
            </option>
            <option
              value="notAsked"
            >
              Not Asked
            </option>
          </select>
          <label
            class="mocked-styled-41 el-label"
          >
            Marketing Consent
          </label>
        </div>
        <p
          class="mocked-styled-42 el-input-error"
        >
          Error
        </p>
      </div>
      <div
        class="mocked-styled-137 el-input-wrap"
      >
        <div
          class="mocked-styled-40 el-input-group"
        >
          <input
            class="mocked-styled-129 el-toggle-checkbox"
            id="com-pref-letter"
            type="checkbox"
          />
          <label
            class="mocked-styled-130 el-toggle-label"
            for="com-pref-letter"
          >
            <span
              class="mocked-styled-127 el-toggle-item"
            >
              On
            </span>
            <span
              class="mocked-styled-127 el-toggle-item"
            >
              Off
            </span>
          </label>
          <label
            class="mocked-styled-41 el-label"
          >
            Communicate Preference Letter
          </label>
        </div>
      </div>
      <div
        class="mocked-styled-137 el-input-wrap"
      >
        <div
          class="mocked-styled-40 el-input-group"
        >
          <input
            class="mocked-styled-129 el-toggle-checkbox"
            id="com-pref-email"
            type="checkbox"
          />
          <label
            class="mocked-styled-130 el-toggle-label"
            for="com-pref-email"
          >
            <span
              class="mocked-styled-127 el-toggle-item"
            >
              On
            </span>
            <span
              class="mocked-styled-127 el-toggle-item"
            >
              Off
            </span>
          </label>
          <label
            class="mocked-styled-41 el-label"
          >
            Communicate Preference Email
          </label>
        </div>
      </div>
      <div
        class="mocked-styled-137 el-input-wrap"
      >
        <div
          class="mocked-styled-40 el-input-group"
        >
          <input
            class="mocked-styled-129 el-toggle-checkbox"
            id="com-pref-phone"
            type="checkbox"
          />
          <label
            class="mocked-styled-130 el-toggle-label"
            for="com-pref-phone"
          >
            <span
              class="mocked-styled-127 el-toggle-item"
            >
              On
            </span>
            <span
              class="mocked-styled-127 el-toggle-item"
            >
              Off
            </span>
          </label>
          <label
            class="mocked-styled-41 el-label"
          >
            Communicate Preference Phone
          </label>
        </div>
      </div>
      <div
        class="mocked-styled-137 el-input-wrap"
      >
        <div
          class="mocked-styled-40 el-input-group"
        >
          <input
            class="mocked-styled-129 el-toggle-checkbox"
            id="com-pref-sms"
            type="checkbox"
          />
          <label
            class="mocked-styled-130 el-toggle-label"
            for="com-pref-sms"
          >
            <span
              class="mocked-styled-127 el-toggle-item"
            >
              On
            </span>
            <span
              class="mocked-styled-127 el-toggle-item"
            >
              Off
            </span>
          </label>
          <label
            class="mocked-styled-41 el-label"
          >
            Communicate Preference SMS
          </label>
        </div>
      </div>
    </div>
  </div>,
  "debug": [Function],
  "findAllByAltText": [Function],
  "findAllByDisplayValue": [Function],
  "findAllByLabelText": [Function],
  "findAllByPlaceholderText": [Function],
  "findAllByRole": [Function],
  "findAllByTestId": [Function],
  "findAllByText": [Function],
  "findAllByTitle": [Function],
  "findByAltText": [Function],
  "findByDisplayValue": [Function],
  "findByLabelText": [Function],
  "findByPlaceholderText": [Function],
  "findByRole": [Function],
  "findByTestId": [Function],
  "findByText": [Function],
  "findByTitle": [Function],
  "getAllByAltText": [Function],
  "getAllByDisplayValue": [Function],
  "getAllByLabelText": [Function],
  "getAllByPlaceholderText": [Function],
  "getAllByRole": [Function],
  "getAllByTestId": [Function],
  "getAllByText": [Function],
  "getAllByTitle": [Function],
  "getByAltText": [Function],
  "getByDisplayValue": [Function],
  "getByLabelText": [Function],
  "getByPlaceholderText": [Function],
  "getByRole": [Function],
  "getByTestId": [Function],
  "getByText": [Function],
  "getByTitle": [Function],
  "queryAllByAltText": [Function],
  "queryAllByDisplayValue": [Function],
  "queryAllByLabelText": [Function],
  "queryAllByPlaceholderText": [Function],
  "queryAllByRole": [Function],
  "queryAllByTestId": [Function],
  "queryAllByText": [Function],
  "queryAllByTitle": [Function],
  "queryByAltText": [Function],
  "queryByDisplayValue": [Function],
  "queryByLabelText": [Function],
  "queryByPlaceholderText": [Function],
  "queryByRole": [Function],
  "queryByTestId": [Function],
  "queryByText": [Function],
  "queryByTitle": [Function],
  "rerender": [Function],
  "unmount": [Function],
}
`;
